{"ID":494418247,"Body":"test comment","Author":{"ID":0,"Login":"wlynch","Name":"","Email":"","Avatar":"https://avatars3.githubusercontent.com/u/1844673?v=4","Link":"","Created":"0001-01-01T00:00:00Z","Updated":"0001-01-01T00:00:00Z"},"Link":"https://github.com/wlynch/test/pull/1#issuecomment-494418247","Version":0,"Created":"2019-05-21T14:34:46Z","Updated":"2019-05-21T14:34:46Z"}
