{"State":"success","Label":"tekton-e2e","Desc":"tekton-e2e","Target":"https://tekton.dev", "Link":"https://api.github.com/repos/wlynch/test/statuses/db165c3a71dc45d096aebd0f49f07ec565ad1e08"}