{"Ref":"master","Sha":"c7becbd850add03130ec9797600711b0d6ecaf34","Repo":{"ID":"27785726","Namespace":"wlynch","Name":"test","FullName":"wlynch/test","Perm":{"Pull":false,"Push":false,"Admin":false},"Branch":"master","Private":false,"Archived":false,"Clone":"https://github.com/wlynch/test.git","CloneSSH":"git@github.com:wlynch/test.git","Link":"https://github.com/wlynch/test","Created":"2014-12-09T20:32:35Z","Updated":"2020-01-10T18:34:39Z"}}