{"Number":1,"Title":"test","Body":"","Labels":[{"ID":0,"URL":"https://api.github.com/repos/wlynch/test/labels/my-label","Name":"my-label","Description":"","Color":"ededed"}],"Sha":"db165c3a71dc45d096aebd0f49f07ec565ad1e08","Ref":"refs/pull/1/head","Source":"dev","Target":"master","Base":{"Ref":"master","Sha":"c7becbd850add03130ec9797600711b0d6ecaf34","Repo":{"ID":"27785726","Namespace":"wlynch","Name":"test","FullName":"wlynch/test","Perm":{"Pull":false,"Push":false,"Admin":false},"Branch":"master","Private":false,"Archived":false,"Clone":"https://github.com/wlynch/test.git","CloneSSH":"git@github.com:wlynch/test.git","Link":"https://github.com/wlynch/test","Created":"2014-12-09T20:32:35Z","Updated":"2020-01-10T18:34:39Z"}},"Head":{"Ref":"dev","Sha":"db165c3a71dc45d096aebd0f49f07ec565ad1e08","Repo":{"ID":"27785726","Namespace":"wlynch","Name":"test","FullName":"wlynch/test","Perm":{"Pull":false,"Push":false,"Admin":false},"Branch":"master","Private":false,"Archived":false,"Clone":"https://github.com/wlynch/test.git","CloneSSH":"git@github.com:wlynch/test.git","Link":"https://github.com/wlynch/test","Created":"2014-12-09T20:32:35Z","Updated":"2020-01-10T18:34:39Z"}},"Fork":"wlynch/test","State":"open","Closed":false,"Draft":false,"Merged":false,"Mergeable":false,"Rebaseable":false,"MergeableState":"","MergeSha":"0b5320d67796506663ef41e5c5fa0b7bf8a06f58","Author":{"ID":1844673,"Login":"wlynch","Name":"","Email":"","Avatar":"https://avatars3.githubusercontent.com/u/1844673?v=4","Link":"https://github.com/wlynch","Created":"0001-01-01T00:00:00Z","Updated":"0001-01-01T00:00:00Z"},"Assignees":null,"Reviewers":null,"Milestone":{"Number":0,"ID":0,"Title":"","Description":"","Link":"","State":"","DueDate":null},"Created":"2018-05-15T16:22:34Z","Updated":"2019-12-26T16:37:05Z","Link":"https://github.com/wlynch/test/pull/1","DiffLink":"https://github.com/wlynch/test/pull/1.diff"}